Daily contribution Fri Jul 17 08:26:51 UTC 2026
Contribution 1 at Fri Jul 17 14:15:08 IST 2026
Contribution 2 at Fri Jul 17 14:15:10 IST 2026
Contribution 3 at Fri Jul 17 14:15:12 IST 2026
Contribution 1 at Sat Jul 18 01:07:54 IST 2026
Contribution 2 at Sat Jul 18 01:07:56 IST 2026
Contribution 3 at Sat Jul 18 01:07:58 IST 2026
Contribution 4 at Sat Jul 18 01:08:00 IST 2026
Contribution 1 at Sat Jul 18 08:01:14 IST 2026
Contribution 2 at Sat Jul 18 08:01:16 IST 2026
Contribution 3 at Sat Jul 18 08:01:18 IST 2026
Contribution 4 at Sat Jul 18 08:01:20 IST 2026
Contribution 5 at Sat Jul 18 08:01:22 IST 2026
Contribution 1 at Sun Jul 19 01:07:42 IST 2026
Contribution 2 at Sun Jul 19 01:07:44 IST 2026
Contribution 3 at Sun Jul 19 01:07:46 IST 2026
Contribution 4 at Sun Jul 19 01:07:48 IST 2026
Contribution 1 at Mon Jul 20 01:07:31 IST 2026
Contribution 2 at Mon Jul 20 01:07:33 IST 2026
Contribution 3 at Mon Jul 20 01:07:35 IST 2026
Contribution 4 at Mon Jul 20 01:07:37 IST 2026
Contribution 5 at Mon Jul 20 01:07:39 IST 2026
Contribution 1 at Tue Jul 21 01:31:45 IST 2026
Contribution 2 at Tue Jul 21 01:31:47 IST 2026
Contribution 3 at Tue Jul 21 01:31:49 IST 2026
Contribution 4 at Tue Jul 21 01:31:51 IST 2026
Contribution 5 at Tue Jul 21 01:31:53 IST 2026
Contribution 1 at Wed Jul 22 01:27:24 IST 2026
Contribution 1 at Thu Jul 23 01:20:29 IST 2026
Contribution 2 at Thu Jul 23 01:20:31 IST 2026
Contribution 3 at Thu Jul 23 01:20:33 IST 2026
Contribution 4 at Thu Jul 23 01:20:35 IST 2026
Contribution 5 at Thu Jul 23 01:20:37 IST 2026
Contribution 1 at Fri Jul 24 01:22:39 IST 2026
Contribution 1 at Sat Jul 25 01:22:19 IST 2026
Contribution 2 at Sat Jul 25 01:22:22 IST 2026
Contribution 3 at Sat Jul 25 01:22:24 IST 2026
Contribution 1 at Sun Jul 26 01:09:47 IST 2026
Contribution 1 at Mon Jul 27 01:11:03 IST 2026
Contribution 2 at Mon Jul 27 01:11:05 IST 2026
Contribution 3 at Mon Jul 27 01:11:07 IST 2026
Contribution 4 at Mon Jul 27 01:11:09 IST 2026
Contribution 5 at Mon Jul 27 01:11:11 IST 2026
Contribution 1 at Tue Jul 28 01:30:58 IST 2026
Contribution 2 at Tue Jul 28 01:31:00 IST 2026
Contribution 3 at Tue Jul 28 01:31:02 IST 2026
Contribution 4 at Tue Jul 28 01:31:04 IST 2026
Contribution 5 at Tue Jul 28 01:31:06 IST 2026
Contribution 1 at Wed Jul 29 01:27:45 IST 2026
Contribution 2 at Wed Jul 29 01:27:47 IST 2026
Contribution 3 at Wed Jul 29 01:27:49 IST 2026
Contribution 4 at Wed Jul 29 01:27:51 IST 2026
Contribution 5 at Wed Jul 29 01:27:53 IST 2026
Contribution 1 at Thu Jul 30 01:19:45 IST 2026
Contribution 2 at Thu Jul 30 01:19:47 IST 2026
Contribution 3 at Thu Jul 30 01:19:49 IST 2026
Contribution 4 at Thu Jul 30 01:19:51 IST 2026
Contribution 5 at Thu Jul 30 01:19:53 IST 2026
Contribution 1 at Fri Jul 31 01:27:54 IST 2026
Contribution 2 at Fri Jul 31 01:27:56 IST 2026
Contribution 3 at Fri Jul 31 01:27:58 IST 2026
Contribution 1 at Sat Aug  1 01:28:50 IST 2026
Contribution 2 at Sat Aug  1 01:28:52 IST 2026
Contribution 1 at Sun Aug  2 01:09:58 IST 2026
Contribution 1 at Mon Aug  3 01:10:08 IST 2026
Contribution 2 at Mon Aug  3 01:10:10 IST 2026
Contribution 3 at Mon Aug  3 01:10:12 IST 2026
Contribution 1 at Tue Aug  4 01:35:32 IST 2026
Contribution 1 at Wed Aug  5 01:35:06 IST 2026
Contribution 2 at Wed Aug  5 01:35:08 IST 2026
Contribution 3 at Wed Aug  5 01:35:10 IST 2026
Contribution 4 at Wed Aug  5 01:35:12 IST 2026
Contribution 1 at Thu Aug  6 01:30:42 IST 2026
Contribution 2 at Thu Aug  6 01:30:44 IST 2026
Contribution 3 at Thu Aug  6 01:30:46 IST 2026
Contribution 1 at Fri Aug  7 05:50:30 IST 2026
Contribution 1 at Sat Aug  8 00:55:34 IST 2026
Contribution 1 at Sun Aug  9 00:35:42 IST 2026
Contribution 2 at Sun Aug  9 00:35:44 IST 2026
Contribution 1 at Mon Aug 10 00:38:29 IST 2026
Contribution 2 at Mon Aug 10 00:38:31 IST 2026
Contribution 3 at Mon Aug 10 00:38:33 IST 2026
Contribution 4 at Mon Aug 10 00:38:35 IST 2026
Contribution 5 at Mon Aug 10 00:38:37 IST 2026
Contribution 1 at Tue Aug 11 00:56:28 IST 2026
Contribution 2 at Tue Aug 11 00:56:30 IST 2026
Contribution 1 at Wed Aug 12 01:01:08 IST 2026
Contribution 2 at Wed Aug 12 01:01:10 IST 2026
Contribution 1 at Thu Aug 13 01:02:18 IST 2026
Contribution 2 at Thu Aug 13 01:02:20 IST 2026
Contribution 3 at Thu Aug 13 01:02:22 IST 2026
Contribution 4 at Thu Aug 13 01:02:24 IST 2026
Contribution 5 at Thu Aug 13 01:02:26 IST 2026
Contribution 1 at Fri Aug 14 01:01:08 IST 2026
Contribution 2 at Fri Aug 14 01:01:10 IST 2026
Contribution 3 at Fri Aug 14 01:01:12 IST 2026
Contribution 4 at Fri Aug 14 01:01:14 IST 2026
Contribution 1 at Sat Aug 15 00:54:35 IST 2026
Contribution 2 at Sat Aug 15 00:54:37 IST 2026
Contribution 3 at Sat Aug 15 00:54:39 IST 2026
Contribution 4 at Sat Aug 15 00:54:41 IST 2026
Contribution 5 at Sat Aug 15 00:54:43 IST 2026
Contribution 1 at Sun Aug 16 00:22:04 IST 2026
Contribution 2 at Sun Aug 16 00:22:06 IST 2026
Contribution 3 at Sun Aug 16 00:22:09 IST 2026
Contribution 1 at Mon Aug 17 00:21:31 IST 2026
Contribution 2 at Mon Aug 17 00:21:33 IST 2026
Contribution 3 at Mon Aug 17 00:21:35 IST 2026
Contribution 4 at Mon Aug 17 00:21:37 IST 2026
Contribution 5 at Mon Aug 17 00:21:39 IST 2026
Contribution 1 at Tue Aug 18 00:34:35 IST 2026
Contribution 1 at Wed Aug 19 00:33:28 IST 2026
Contribution 1 at Thu Aug 20 00:28:35 IST 2026
Contribution 1 at Fri Aug 21 00:37:24 IST 2026
Contribution 1 at Sat Aug 22 00:33:33 IST 2026
Contribution 2 at Sat Aug 22 00:33:35 IST 2026
Contribution 1 at Sun Aug 23 00:23:33 IST 2026
Contribution 2 at Sun Aug 23 00:23:35 IST 2026
Contribution 3 at Sun Aug 23 00:23:37 IST 2026
Contribution 4 at Sun Aug 23 00:23:39 IST 2026
Contribution 5 at Sun Aug 23 00:23:41 IST 2026
Contribution 1 at Mon Aug 24 00:23:32 IST 2026
Contribution 2 at Mon Aug 24 00:23:34 IST 2026
Contribution 1 at Tue Aug 25 00:37:13 IST 2026
Contribution 1 at Wed Aug 26 00:35:21 IST 2026
